<html>
<body>
<pre>
<h1>µVision Build Log</h1>
<h2>Tool Versions:</h2>
IDE-Version: ¦ÌVision V5.40.0.0
Copyright (C) 2024 ARM Ltd and ARM Germany GmbH. All rights reserved.
License Information: 1 1, 1, LIC=IK1BF-60EFX-454T5-GM11G-74GUX-2FSUX
 
Tool Versions:
Toolchain:       MDK-ARM Plus  Version: 5.40.0.3
Toolchain Path:  C:\Users\ktkuru\AppData\Local\Keil_v5\ARM\ARMCC\Bin
C Compiler:      Armcc.exe V5.06 update 7 (build 960)
Assembler:       Armasm.exe V5.06 update 7 (build 960)
Linker/Locator:  ArmLink.exe V5.06 update 7 (build 960)
Library Manager: ArmAr.exe V5.06 update 7 (build 960)
Hex Converter:   FromElf.exe V5.06 update 7 (build 960)
CPU DLL:         SARMCM3.DLL V5.40.0.3
Dialog DLL:      DCM.DLL V1.17.5.0
Target DLL:      CMSIS_AGDI.dll V1.33.18.0
Dialog DLL:      TCM.DLL V1.56.4.0
 
<h2>Project:</h2>
c:\Users\ktkuru\Desktop\SendMedicalCar_2\MDK\SMC2.uvprojx
Project File Date:  10/23/2024

<h2>Output:</h2>
*** Using Compiler 'V5.06 update 7 (build 960)', folder: 'C:\Users\ktkuru\AppData\Local\Keil_v5\ARM\ARMCC\Bin'
Build target 'SMC2'
compiling main.c...
linking...
Program Size: Code=1860 RO-data=460 RW-data=16 ZI-data=1872  
".\Objects\SMC2.axf" - 0 Error(s), 0 Warning(s).

<h2>Software Packages used:</h2>

Package Vendor: Keil
                http://www.keil.com/pack/Keil.STM32F4xx_DFP.2.11.0.pack
                Keil::STM32F4xx_DFP@2.11.0
                STMicroelectronics STM32F4 Series Device Support, Drivers and Examples

<h2>Collection of Component include folders:</h2>
  C:/Users/ktkuru/AppData/Local/Arm/Packs/Keil/STM32F4xx_DFP/2.11.0/Drivers/CMSIS/Device/ST/STM32F4xx/Include

<h2>Collection of Component Files used:</h2>
Build Time Elapsed:  00:00:01
</pre>
</body>
</html>
